I'm sorry, but errors were detected in your script. Please correct the
errors listed below, and try again.


File "game/script.rpy", line 134: reached end of line when expecting ':'.
    if tutorial_done and 
                         ^

Ren'Py Version: Ren'Py 8.2.3.24061702
Thu Aug 22 14:39:08 2024
